\BOOKMARK [0][-]{chapter.1}{\376\377\0001\000\040\000N\000a\000m\000e\000s\000p\000a\000c\000e\000\040\000I\000n\000d\000e\000x}{}% 1
\BOOKMARK [1][-]{section.1.1}{\376\377\0001\000.\0001\000\040\000N\000a\000m\000e\000s\000p\000a\000c\000e\000\040\000L\000i\000s\000t}{chapter.1}% 2
\BOOKMARK [0][-]{chapter.2}{\376\377\0002\000\040\000C\000l\000a\000s\000s\000\040\000I\000n\000d\000e\000x}{}% 3
\BOOKMARK [1][-]{section.2.1}{\376\377\0002\000.\0001\000\040\000C\000l\000a\000s\000s\000\040\000L\000i\000s\000t}{chapter.2}% 4
\BOOKMARK [0][-]{chapter.3}{\376\377\0003\000\040\000F\000i\000l\000e\000\040\000I\000n\000d\000e\000x}{}% 5
\BOOKMARK [1][-]{section.3.1}{\376\377\0003\000.\0001\000\040\000F\000i\000l\000e\000\040\000L\000i\000s\000t}{chapter.3}% 6
\BOOKMARK [0][-]{chapter.4}{\376\377\0004\000\040\000N\000a\000m\000e\000s\000p\000a\000c\000e\000\040\000D\000o\000c\000u\000m\000e\000n\000t\000a\000t\000i\000o\000n}{}% 7
\BOOKMARK [1][-]{section.4.1}{\376\377\0004\000.\0001\000\040\000C\000a\000l\000i\000b\000r\000a\000t\000i\000o\000n\000S\000t\000a\000t\000e\000\040\000N\000a\000m\000e\000s\000p\000a\000c\000e\000\040\000R\000e\000f\000e\000r\000e\000n\000c\000e}{chapter.4}% 8
\BOOKMARK [1][-]{section.4.2}{\376\377\0004\000.\0002\000\040\000C\000o\000n\000t\000r\000o\000l\000l\000e\000r\000\040\000N\000a\000m\000e\000s\000p\000a\000c\000e\000\040\000R\000e\000f\000e\000r\000e\000n\000c\000e}{chapter.4}% 9
\BOOKMARK [1][-]{section.4.3}{\376\377\0004\000.\0003\000\040\000d\000e\000p\000t\000h\000m\000a\000p\000\040\000N\000a\000m\000e\000s\000p\000a\000c\000e\000\040\000R\000e\000f\000e\000r\000e\000n\000c\000e}{chapter.4}% 10
\BOOKMARK [2][-]{subsection.4.3.1}{\376\377\0004\000.\0003\000.\0001\000\040\000F\000u\000n\000c\000t\000i\000o\000n\000\040\000D\000o\000c\000u\000m\000e\000n\000t\000a\000t\000i\000o\000n}{section.4.3}% 11
\BOOKMARK [3][-]{subsubsection.4.3.1.1}{\376\377\0004\000.\0003\000.\0001\000.\0001\000\040\000b\000u\000i\000l\000d\000\137\000m\000a\000t\000c\000h\000e\000r\000s\000\050\000\051}{subsection.4.3.1}% 12
\BOOKMARK [3][-]{subsubsection.4.3.1.2}{\376\377\0004\000.\0003\000.\0001\000.\0002\000\040\000d\000i\000s\000p\000a\000r\000i\000t\000y\000\050\000\051}{subsection.4.3.1}% 13
\BOOKMARK [3][-]{subsubsection.4.3.1.3}{\376\377\0004\000.\0003\000.\0001\000.\0003\000\040\000f\000u\000s\000e\000\137\000d\000i\000s\000p\000a\000r\000i\000t\000i\000e\000s\000\137\000m\000e\000d\000i\000a\000n\000\050\000\051}{subsection.4.3.1}% 14
\BOOKMARK [3][-]{subsubsection.4.3.1.4}{\376\377\0004\000.\0003\000.\0001\000.\0004\000\040\000g\000e\000n\000e\000r\000a\000t\000e\000\137\000d\000e\000p\000t\000h\000m\000a\000p\000s\000\137\000f\000o\000r\000\137\000p\000o\000s\000e\000\050\000\051}{subsection.4.3.1}% 15
\BOOKMARK [3][-]{subsubsection.4.3.1.5}{\376\377\0004\000.\0003\000.\0001\000.\0005\000\040\000i\000m\000w\000r\000i\000t\000e\000\137\000u\0001\0006\000\050\000\051}{subsection.4.3.1}% 16
\BOOKMARK [3][-]{subsubsection.4.3.1.6}{\376\377\0004\000.\0003\000.\0001\000.\0006\000\040\000t\000o\000\137\000u\0001\0006\000\137\000f\000r\000o\000m\000\137\000d\000i\000s\000p\000\050\000\051}{subsection.4.3.1}% 17
\BOOKMARK [2][-]{subsection.4.3.2}{\376\377\0004\000.\0003\000.\0002\000\040\000V\000a\000r\000i\000a\000b\000l\000e\000\040\000D\000o\000c\000u\000m\000e\000n\000t\000a\000t\000i\000o\000n}{section.4.3}% 18
\BOOKMARK [3][-]{subsubsection.4.3.2.1}{\376\377\0004\000.\0003\000.\0002\000.\0001\000\040\000\137\000L\000E\000F\000T\000\137\000M\000A\000T\000C\000H\000E\000R}{subsection.4.3.2}% 19
\BOOKMARK [3][-]{subsubsection.4.3.2.2}{\376\377\0004\000.\0003\000.\0002\000.\0002\000\040\000\137\000R\000I\000G\000H\000T\000\137\000M\000A\000T\000C\000H\000E\000R}{subsection.4.3.2}% 20
\BOOKMARK [3][-]{subsubsection.4.3.2.3}{\376\377\0004\000.\0003\000.\0002\000.\0003\000\040\000\137\000W\000L\000S}{subsection.4.3.2}% 21
\BOOKMARK [1][-]{section.4.4}{\376\377\0004\000.\0004\000\040\000e\000v\000a\000l\000u\000a\000t\000e\000\137\000c\000a\000l\000i\000b\000r\000a\000t\000i\000o\000n\000\040\000N\000a\000m\000e\000s\000p\000a\000c\000e\000\040\000R\000e\000f\000e\000r\000e\000n\000c\000e}{chapter.4}% 22
\BOOKMARK [2][-]{subsection.4.4.1}{\376\377\0004\000.\0004\000.\0001\000\040\000F\000u\000n\000c\000t\000i\000o\000n\000\040\000D\000o\000c\000u\000m\000e\000n\000t\000a\000t\000i\000o\000n}{section.4.4}% 23
\BOOKMARK [3][-]{subsubsection.4.4.1.1}{\376\377\0004\000.\0004\000.\0001\000.\0001\000\040\000a\000s\000\137\000v\000e\000c\0003\000\050\000\051}{subsection.4.4.1}% 24
\BOOKMARK [3][-]{subsubsection.4.4.1.2}{\376\377\0004\000.\0004\000.\0001\000.\0002\000\040\000c\000o\000m\000p\000u\000t\000e\000\137\000m\000e\000t\000r\000i\000c\000s\000\137\000f\000o\000r\000\137\000f\000i\000l\000e\000\050\000\051}{subsection.4.4.1}% 25
\BOOKMARK [3][-]{subsubsection.4.4.1.3}{\376\377\0004\000.\0004\000.\0001\000.\0003\000\040\000m\000a\000i\000n\000\050\000\051}{subsection.4.4.1}% 26
\BOOKMARK [3][-]{subsubsection.4.4.1.4}{\376\377\0004\000.\0004\000.\0001\000.\0004\000\040\000p\000r\000i\000n\000t\000\137\000p\000e\000r\000\137\000f\000i\000l\000e\000\137\000t\000a\000b\000l\000e\000\050\000\051}{subsection.4.4.1}% 27
\BOOKMARK [3][-]{subsubsection.4.4.1.5}{\376\377\0004\000.\0004\000.\0001\000.\0005\000\040\000p\000r\000i\000n\000t\000\137\000s\000c\000e\000n\000a\000r\000i\000o\000\137\000t\000a\000b\000l\000e\000\050\000\051}{subsection.4.4.1}% 28
\BOOKMARK [3][-]{subsubsection.4.4.1.6}{\376\377\0004\000.\0004\000.\0001\000.\0006\000\040\000r\000o\000t\000\137\000a\000n\000g\000l\000e\000\137\000d\000e\000g\000\050\000\051}{subsection.4.4.1}% 29
\BOOKMARK [2][-]{subsection.4.4.2}{\376\377\0004\000.\0004\000.\0002\000\040\000V\000a\000r\000i\000a\000b\000l\000e\000\040\000D\000o\000c\000u\000m\000e\000n\000t\000a\000t\000i\000o\000n}{section.4.4}% 30
\BOOKMARK [3][-]{subsubsection.4.4.2.1}{\376\377\0004\000.\0004\000.\0002\000.\0001\000\040\000C\000A\000L\000I\000B\000\137\000F\000I\000L\000E\000S}{subsection.4.4.2}% 31
\BOOKMARK [3][-]{subsubsection.4.4.2.2}{\376\377\0004\000.\0004\000.\0002\000.\0002\000\040\000C\000A\000L\000I\000B\000\137\000L\000F\000C\000\137\000D\000I\000R}{subsection.4.4.2}% 32
\BOOKMARK [3][-]{subsubsection.4.4.2.3}{\376\377\0004\000.\0004\000.\0002\000.\0003\000\040\000C\000A\000M\000\137\000I\000D\000S}{subsection.4.4.2}% 33
\BOOKMARK [3][-]{subsubsection.4.4.2.4}{\376\377\0004\000.\0004\000.\0002\000.\0004\000\040\000G\000T\000\137\000D\000I\000R}{subsection.4.4.2}% 34
\BOOKMARK [3][-]{subsubsection.4.4.2.5}{\376\377\0004\000.\0004\000.\0002\000.\0005\000\040\000G\000T\000\137\000F\000I\000L\000E\000S}{subsection.4.4.2}% 35
\BOOKMARK [3][-]{subsubsection.4.4.2.6}{\376\377\0004\000.\0004\000.\0002\000.\0006\000\040\000P\000R\000O\000J\000E\000C\000T\000\137\000R\000O\000O\000T}{subsection.4.4.2}% 36
\BOOKMARK [3][-]{subsubsection.4.4.2.7}{\376\377\0004\000.\0004\000.\0002\000.\0007\000\040\000R\000E\000S\000U\000L\000T\000S\000\137\000D\000I\000R}{subsection.4.4.2}% 37
\BOOKMARK [3][-]{subsubsection.4.4.2.8}{\376\377\0004\000.\0004\000.\0002\000.\0008\000\040\000S\000C\000E\000N\000A\000R\000I\000O\000S}{subsection.4.4.2}% 38
\BOOKMARK [3][-]{subsubsection.4.4.2.9}{\376\377\0004\000.\0004\000.\0002\000.\0009\000\040\000T\000H\000I\000S\000\137\000D\000I\000R}{subsection.4.4.2}% 39
\BOOKMARK [1][-]{section.4.5}{\376\377\0004\000.\0005\000\040\000H\000e\000a\000l\000t\000h\000M\000o\000n\000i\000t\000o\000r\000\040\000N\000a\000m\000e\000s\000p\000a\000c\000e\000\040\000R\000e\000f\000e\000r\000e\000n\000c\000e}{chapter.4}% 40
\BOOKMARK [2][-]{subsection.4.5.1}{\376\377\0004\000.\0005\000.\0001\000\040\000D\000e\000t\000a\000i\000l\000e\000d\000\040\000D\000e\000s\000c\000r\000i\000p\000t\000i\000o\000n}{section.4.5}% 41
\BOOKMARK [2][-]{subsection.4.5.2}{\376\377\0004\000.\0005\000.\0002\000\040\000F\000u\000n\000c\000t\000i\000o\000n\000\040\000D\000o\000c\000u\000m\000e\000n\000t\000a\000t\000i\000o\000n}{section.4.5}% 42
\BOOKMARK [3][-]{subsubsection.4.5.2.1}{\376\377\0004\000.\0005\000.\0002\000.\0001\000\040\000c\000l\000a\000m\000p\000\050\000\051}{subsection.4.5.2}% 43
\BOOKMARK [3][-]{subsubsection.4.5.2.2}{\376\377\0004\000.\0005\000.\0002\000.\0002\000\040\000c\000o\000m\000p\000u\000t\000e\000\137\000i\000n\000i\000t\000i\000a\000l\000\137\000h\000e\000a\000l\000t\000h\000\137\000f\000r\000o\000m\000\137\000s\000t\000a\000t\000e\000\050\000\051}{subsection.4.5.2}% 44
\BOOKMARK [3][-]{subsubsection.4.5.2.3}{\376\377\0004\000.\0005\000.\0002\000.\0003\000\040\000c\000o\000m\000p\000u\000t\000e\000\137\000l\000i\000f\000c\000a\000l\000\137\000h\000e\000a\000l\000t\000h\000\137\000f\000r\000o\000m\000\137\000c\000o\000m\000b\000i\000n\000e\000d\000\137\000d\000i\000c\000t\000\050\000\051}{subsection.4.5.2}% 45
\BOOKMARK [3][-]{subsubsection.4.5.2.4}{\376\377\0004\000.\0005\000.\0002\000.\0004\000\040\000c\000o\000m\000p\000u\000t\000e\000\137\000l\000i\000f\000c\000a\000l\000\137\000h\000e\000a\000l\000t\000h\000\137\000f\000r\000o\000m\000\137\000c\000o\000m\000b\000i\000n\000e\000d\000\137\000p\000a\000t\000h\000\050\000\051}{subsection.4.5.2}% 46
\BOOKMARK [3][-]{subsubsection.4.5.2.5}{\376\377\0004\000.\0005\000.\0002\000.\0005\000\040\000c\000o\000m\000p\000u\000t\000e\000\137\000l\000i\000f\000c\000a\000l\000\137\000h\000e\000a\000l\000t\000h\000\137\000f\000r\000o\000m\000\137\000x\000y\000\050\000\051}{subsection.4.5.2}% 47
\BOOKMARK [3][-]{subsubsection.4.5.2.6}{\376\377\0004\000.\0005\000.\0002\000.\0006\000\040\000p\000a\000r\000s\000e\000\137\000l\000i\000f\000c\000a\000l\000\137\000p\000r\000o\000t\000o\000c\000o\000l\000\050\000\051}{subsection.4.5.2}% 48
\BOOKMARK [3][-]{subsubsection.4.5.2.7}{\376\377\0004\000.\0005\000.\0002\000.\0007\000\040\000s\000a\000f\000e\000\137\000f\000l\000o\000a\000t\000\050\000\051}{subsection.4.5.2}% 49
\BOOKMARK [3][-]{subsubsection.4.5.2.8}{\376\377\0004\000.\0005\000.\0002\000.\0008\000\040\000s\000c\000o\000r\000e\000\137\000f\000r\000o\000m\000\137\000e\000r\000r\000o\000r\000s\000\050\000\051}{subsection.4.5.2}% 50
\BOOKMARK [2][-]{subsection.4.5.3}{\376\377\0004\000.\0005\000.\0003\000\040\000V\000a\000r\000i\000a\000b\000l\000e\000\040\000D\000o\000c\000u\000m\000e\000n\000t\000a\000t\000i\000o\000n}{section.4.5}% 51
\BOOKMARK [3][-]{subsubsection.4.5.3.1}{\376\377\0004\000.\0005\000.\0003\000.\0001\000\040\000R\000\137\000B\000E\000S\000T}{subsection.4.5.3}% 52
\BOOKMARK [3][-]{subsubsection.4.5.3.2}{\376\377\0004\000.\0005\000.\0003\000.\0002\000\040\000R\000\137\000W\000O\000R\000S\000T}{subsection.4.5.3}% 53
\BOOKMARK [3][-]{subsubsection.4.5.3.3}{\376\377\0004\000.\0005\000.\0003\000.\0003\000\040\000S\000\137\000B\000E\000S\000T}{subsection.4.5.3}% 54
\BOOKMARK [3][-]{subsubsection.4.5.3.4}{\376\377\0004\000.\0005\000.\0003\000.\0004\000\040\000S\000\137\000W\000O\000R\000S\000T}{subsection.4.5.3}% 55
\BOOKMARK [1][-]{section.4.6}{\376\377\0004\000.\0006\000\040\000I\000m\000a\000g\000e\000S\000e\000t\000\040\000N\000a\000m\000e\000s\000p\000a\000c\000e\000\040\000R\000e\000f\000e\000r\000e\000n\000c\000e}{chapter.4}% 56
\BOOKMARK [1][-]{section.4.7}{\376\377\0004\000.\0007\000\040\000I\000n\000i\000t\000i\000a\000l\000C\000a\000l\000i\000b\000r\000a\000t\000i\000o\000n\000\040\000N\000a\000m\000e\000s\000p\000a\000c\000e\000\040\000R\000e\000f\000e\000r\000e\000n\000c\000e}{chapter.4}% 57
\BOOKMARK [1][-]{section.4.8}{\376\377\0004\000.\0008\000\040\000l\000i\000f\000c\000a\000l\000\137\000t\000o\000\137\000j\000s\000o\000n\000\040\000N\000a\000m\000e\000s\000p\000a\000c\000e\000\040\000R\000e\000f\000e\000r\000e\000n\000c\000e}{chapter.4}% 58
\BOOKMARK [2][-]{subsection.4.8.1}{\376\377\0004\000.\0008\000.\0001\000\040\000F\000u\000n\000c\000t\000i\000o\000n\000\040\000D\000o\000c\000u\000m\000e\000n\000t\000a\000t\000i\000o\000n}{section.4.8}% 59
\BOOKMARK [3][-]{subsubsection.4.8.1.1}{\376\377\0004\000.\0008\000.\0001\000.\0001\000\040\000b\000u\000i\000l\000d\000\137\000c\000o\000m\000b\000i\000n\000e\000d\000\137\000p\000a\000r\000a\000m\000e\000t\000e\000r\000s\000\137\000j\000s\000o\000n\000\050\000\051}{subsection.4.8.1}% 60
\BOOKMARK [3][-]{subsubsection.4.8.1.2}{\376\377\0004\000.\0008\000.\0001\000.\0002\000\040\000e\000x\000p\000o\000r\000t\000\137\000l\000i\000f\000c\000a\000l\000\137\000p\000a\000r\000a\000m\000e\000t\000e\000r\000s\000\137\000j\000s\000o\000n\000\137\000i\000n\000\137\000p\000l\000a\000c\000e\000\050\000\051}{subsection.4.8.1}% 61
\BOOKMARK [3][-]{subsubsection.4.8.1.3}{\376\377\0004\000.\0008\000.\0001\000.\0003\000\040\000p\000a\000r\000s\000e\000\137\000e\000x\000t\000r\000i\000n\000s\000i\000c\000s\000\137\000x\000m\000l\000\050\000\051}{subsection.4.8.1}% 62
\BOOKMARK [3][-]{subsubsection.4.8.1.4}{\376\377\0004\000.\0008\000.\0001\000.\0004\000\040\000p\000a\000r\000s\000e\000\137\000p\000r\000o\000t\000o\000c\000o\000l\000\050\000\051}{subsection.4.8.1}% 63
\BOOKMARK [1][-]{section.4.9}{\376\377\0004\000.\0009\000\040\000R\000e\000s\000u\000l\000t\000L\000o\000g\000g\000e\000r\000\040\000N\000a\000m\000e\000s\000p\000a\000c\000e\000\040\000R\000e\000f\000e\000r\000e\000n\000c\000e}{chapter.4}% 64
\BOOKMARK [1][-]{section.4.10}{\376\377\0004\000.\0001\0000\000\040\000r\000u\000n\000\137\000i\000m\000a\000g\000e\000s\000e\000t\000\137\000c\000r\000e\000a\000t\000i\000o\000n\000\040\000N\000a\000m\000e\000s\000p\000a\000c\000e\000\040\000R\000e\000f\000e\000r\000e\000n\000c\000e}{chapter.4}% 65
\BOOKMARK [2][-]{subsection.4.10.1}{\376\377\0004\000.\0001\0000\000.\0001\000\040\000F\000u\000n\000c\000t\000i\000o\000n\000\040\000D\000o\000c\000u\000m\000e\000n\000t\000a\000t\000i\000o\000n}{section.4.10}% 66
\BOOKMARK [3][-]{subsubsection.4.10.1.1}{\376\377\0004\000.\0001\0000\000.\0001\000.\0001\000\040\000c\000l\000e\000a\000n\000u\000p\000\137\000f\000o\000c\000u\000s\000\137\000r\000o\000o\000t\000\050\000\051}{subsection.4.10.1}% 67
\BOOKMARK [3][-]{subsubsection.4.10.1.2}{\376\377\0004\000.\0001\0000\000.\0001\000.\0002\000\040\000c\000o\000p\000y\000\137\000f\000o\000c\000u\000s\000\137\000i\000n\000t\000o\000\137\000c\000a\000m\000e\000r\000a\000\137\000f\000o\000l\000d\000e\000r\000s\000\050\000\051}{subsection.4.10.1}% 68
\BOOKMARK [3][-]{subsubsection.4.10.1.3}{\376\377\0004\000.\0001\0000\000.\0001\000.\0003\000\040\000e\000n\000s\000u\000r\000e\000\137\000c\000a\000m\000e\000r\000a\000\137\000s\000u\000b\000f\000o\000l\000d\000e\000r\000s\000\050\000\051}{subsection.4.10.1}% 69
\BOOKMARK [3][-]{subsubsection.4.10.1.4}{\376\377\0004\000.\0001\0000\000.\0001\000.\0004\000\040\000g\000r\000o\000u\000p\000\137\000f\000o\000c\000u\000s\000\137\000i\000m\000a\000g\000e\000s\000\137\000b\000y\000\137\000p\000o\000s\000e\000\050\000\051}{subsection.4.10.1}% 70
\BOOKMARK [3][-]{subsubsection.4.10.1.5}{\376\377\0004\000.\0001\0000\000.\0001\000.\0005\000\040\000m\000a\000i\000n\000\050\000\051}{subsection.4.10.1}% 71
\BOOKMARK [2][-]{subsection.4.10.2}{\376\377\0004\000.\0001\0000\000.\0002\000\040\000V\000a\000r\000i\000a\000b\000l\000e\000\040\000D\000o\000c\000u\000m\000e\000n\000t\000a\000t\000i\000o\000n}{section.4.10}% 72
\BOOKMARK [3][-]{subsubsection.4.10.2.1}{\376\377\0004\000.\0001\0000\000.\0002\000.\0001\000\040\000C\000A\000M\000E\000R\000A\000\137\000I\000D\000S}{subsection.4.10.2}% 73
\BOOKMARK [3][-]{subsubsection.4.10.2.2}{\376\377\0004\000.\0001\0000\000.\0002\000.\0002\000\040\000C\000L\000E\000A\000N\000\137\000F\000O\000C\000U\000S\000\137\000R\000O\000O\000T\000\137\000A\000F\000T\000E\000R}{subsection.4.10.2}% 74
\BOOKMARK [3][-]{subsubsection.4.10.2.3}{\376\377\0004\000.\0001\0000\000.\0002\000.\0003\000\040\000D\000E\000P\000T\000H\000\137\000D\000I\000R}{subsection.4.10.2}% 75
\BOOKMARK [3][-]{subsubsection.4.10.2.4}{\376\377\0004\000.\0001\0000\000.\0002\000.\0004\000\040\000F\000O\000C\000U\000S\000\137\000D\000I\000R}{subsection.4.10.2}% 76
\BOOKMARK [3][-]{subsubsection.4.10.2.5}{\376\377\0004\000.\0001\0000\000.\0002\000.\0005\000\040\000P\000A\000T\000T\000E\000R\000N}{subsection.4.10.2}% 77
\BOOKMARK [3][-]{subsubsection.4.10.2.6}{\376\377\0004\000.\0001\0000\000.\0002\000.\0006\000\040\000R\000O\000O\000T}{subsection.4.10.2}% 78
\BOOKMARK [1][-]{section.4.11}{\376\377\0004\000.\0001\0001\000\040\000r\000u\000n\000\137\000i\000n\000i\000t\000i\000a\000l\000\137\000c\000a\000l\000i\000b\000r\000a\000t\000i\000o\000n\000\040\000N\000a\000m\000e\000s\000p\000a\000c\000e\000\040\000R\000e\000f\000e\000r\000e\000n\000c\000e}{chapter.4}% 79
\BOOKMARK [2][-]{subsection.4.11.1}{\376\377\0004\000.\0001\0001\000.\0001\000\040\000D\000e\000t\000a\000i\000l\000e\000d\000\040\000D\000e\000s\000c\000r\000i\000p\000t\000i\000o\000n}{section.4.11}% 80
\BOOKMARK [2][-]{subsection.4.11.2}{\376\377\0004\000.\0001\0001\000.\0002\000\040\000F\000u\000n\000c\000t\000i\000o\000n\000\040\000D\000o\000c\000u\000m\000e\000n\000t\000a\000t\000i\000o\000n}{section.4.11}% 81
\BOOKMARK [3][-]{subsubsection.4.11.2.1}{\376\377\0004\000.\0001\0001\000.\0002\000.\0001\000\040\000m\000a\000i\000n\000\050\000\051}{subsection.4.11.2}% 82
\BOOKMARK [3][-]{subsubsection.4.11.2.2}{\376\377\0004\000.\0001\0001\000.\0002\000.\0002\000\040\000p\000a\000r\000s\000e\000\137\000a\000r\000g\000s\000\050\000\051}{subsection.4.11.2}% 83
\BOOKMARK [2][-]{subsection.4.11.3}{\376\377\0004\000.\0001\0001\000.\0003\000\040\000V\000a\000r\000i\000a\000b\000l\000e\000\040\000D\000o\000c\000u\000m\000e\000n\000t\000a\000t\000i\000o\000n}{section.4.11}% 84
\BOOKMARK [3][-]{subsubsection.4.11.3.1}{\376\377\0004\000.\0001\0001\000.\0003\000.\0001\000\040\000C\000A\000M\000\137\000I\000D\000S}{subsection.4.11.3}% 85
\BOOKMARK [3][-]{subsubsection.4.11.3.2}{\376\377\0004\000.\0001\0001\000.\0003\000.\0002\000\040\000D\000E\000F\000A\000U\000L\000T\000\137\000B\000A\000S\000E\000\137\000D\000I\000R}{subsection.4.11.3}% 86
\BOOKMARK [3][-]{subsubsection.4.11.3.3}{\376\377\0004\000.\0001\0001\000.\0003\000.\0003\000\040\000D\000E\000F\000A\000U\000L\000T\000\137\000N\000U\000M\000\137\000P\000O\000S\000E\000S}{subsection.4.11.3}% 87
\BOOKMARK [3][-]{subsubsection.4.11.3.4}{\376\377\0004\000.\0001\0001\000.\0003\000.\0004\000\040\000r\000e\000p\000o\000R\000o\000o\000t}{subsection.4.11.3}% 88
\BOOKMARK [1][-]{section.4.12}{\376\377\0004\000.\0001\0002\000\040\000r\000u\000n\000\137\000L\000i\000F\000C\000a\000l\000\137\000c\000a\000l\000i\000b\000r\000a\000t\000i\000o\000n\000\040\000N\000a\000m\000e\000s\000p\000a\000c\000e\000\040\000R\000e\000f\000e\000r\000e\000n\000c\000e}{chapter.4}% 89
\BOOKMARK [2][-]{subsection.4.12.1}{\376\377\0004\000.\0001\0002\000.\0001\000\040\000F\000u\000n\000c\000t\000i\000o\000n\000\040\000D\000o\000c\000u\000m\000e\000n\000t\000a\000t\000i\000o\000n}{section.4.12}% 90
\BOOKMARK [3][-]{subsubsection.4.12.1.1}{\376\377\0004\000.\0001\0002\000.\0001\000.\0001\000\040\000c\000o\000p\000y\000\137\000e\000s\000s\000e\000n\000t\000i\000a\000l\000s\000\050\000\051}{subsection.4.12.1}% 91
\BOOKMARK [3][-]{subsubsection.4.12.1.2}{\376\377\0004\000.\0001\0002\000.\0001\000.\0002\000\040\000f\000i\000n\000d\000\137\000r\000e\000s\000u\000l\000t\000s\000\137\000f\000o\000l\000d\000e\000r\000\050\000\051}{subsection.4.12.1}% 92
\BOOKMARK [3][-]{subsubsection.4.12.1.3}{\376\377\0004\000.\0001\0002\000.\0001\000.\0003\000\040\000m\000a\000i\000n\000\050\000\051}{subsection.4.12.1}% 93
\BOOKMARK [3][-]{subsubsection.4.12.1.4}{\376\377\0004\000.\0001\0002\000.\0001\000.\0004\000\040\000p\000a\000t\000c\000h\000\137\000s\000e\000t\000t\000i\000n\000g\000s\000\137\000y\000a\000m\000l\000\050\000\051}{subsection.4.12.1}% 94
\BOOKMARK [3][-]{subsubsection.4.12.1.5}{\376\377\0004\000.\0001\0002\000.\0001\000.\0005\000\040\000r\000e\000a\000d\000\137\000t\000e\000x\000t\000\050\000\051}{subsection.4.12.1}% 95
\BOOKMARK [3][-]{subsubsection.4.12.1.6}{\376\377\0004\000.\0001\0002\000.\0001\000.\0006\000\040\000r\000e\000p\000l\000a\000c\000e\000\137\000y\000a\000m\000l\000\137\000k\000e\000y\000\137\000l\000i\000n\000e\000\050\000\051}{subsection.4.12.1}% 96
\BOOKMARK [3][-]{subsubsection.4.12.1.7}{\376\377\0004\000.\0001\0002\000.\0001\000.\0007\000\040\000r\000u\000n\000\137\000l\000i\000f\000c\000a\000l\000\137\000r\000e\000c\000a\000l\000i\000b\000\050\000\051}{subsection.4.12.1}% 97
\BOOKMARK [3][-]{subsubsection.4.12.1.8}{\376\377\0004\000.\0001\0002\000.\0001\000.\0008\000\040\000w\000r\000i\000t\000e\000\137\000t\000e\000x\000t\000\050\000\051}{subsection.4.12.1}% 98
\BOOKMARK [2][-]{subsection.4.12.2}{\376\377\0004\000.\0001\0002\000.\0002\000\040\000V\000a\000r\000i\000a\000b\000l\000e\000\040\000D\000o\000c\000u\000m\000e\000n\000t\000a\000t\000i\000o\000n}{section.4.12}% 99
\BOOKMARK [3][-]{subsubsection.4.12.2.1}{\376\377\0004\000.\0001\0002\000.\0002\000.\0001\000\040\000C\000A\000M\000E\000R\000A\000\137\000I\000D\000S}{subsection.4.12.2}% 100
\BOOKMARK [3][-]{subsubsection.4.12.2.2}{\376\377\0004\000.\0001\0002\000.\0002\000.\0002\000\040\000D\000E\000P\000T\000H\000\137\000R\000O\000O\000T}{subsection.4.12.2}% 101
\BOOKMARK [3][-]{subsubsection.4.12.2.3}{\376\377\0004\000.\0001\0002\000.\0002\000.\0003\000\040\000F\000I\000X\000E\000D\000\137\000P\000A\000R\000A\000M\000S}{subsection.4.12.2}% 102
\BOOKMARK [3][-]{subsubsection.4.12.2.4}{\376\377\0004\000.\0001\0002\000.\0002\000.\0004\000\040\000F\000O\000C\000U\000S\000\137\000R\000O\000O\000T}{subsection.4.12.2}% 103
\BOOKMARK [3][-]{subsubsection.4.12.2.5}{\376\377\0004\000.\0001\0002\000.\0002\000.\0005\000\040\000L\000I\000F\000C\000A\000L\000\137\000B\000I\000N}{subsection.4.12.2}% 104
\BOOKMARK [3][-]{subsubsection.4.12.2.6}{\376\377\0004\000.\0001\0002\000.\0002\000.\0006\000\040\000M\000L\000A\000\137\000C\000A\000L\000I\000B\000\137\000X\000M\000L}{subsection.4.12.2}% 105
\BOOKMARK [3][-]{subsubsection.4.12.2.7}{\376\377\0004\000.\0001\0002\000.\0002\000.\0007\000\040\000O\000U\000T\000\137\000R\000O\000O\000T}{subsection.4.12.2}% 106
\BOOKMARK [3][-]{subsubsection.4.12.2.8}{\376\377\0004\000.\0001\0002\000.\0002\000.\0008\000\040\000R\000O\000O\000T\000\137\000I\000M\000A\000G\000E\000S\000E\000T}{subsection.4.12.2}% 107
\BOOKMARK [3][-]{subsubsection.4.12.2.9}{\376\377\0004\000.\0001\0002\000.\0002\000.\0009\000\040\000S\000E\000T\000T\000I\000N\000G\000S}{subsection.4.12.2}% 108
\BOOKMARK [1][-]{section.4.13}{\376\377\0004\000.\0001\0003\000\040\000r\000u\000n\000\137\000p\000e\000r\000i\000o\000d\000i\000c\000\137\000l\000i\000f\000c\000a\000l\000\040\000N\000a\000m\000e\000s\000p\000a\000c\000e\000\040\000R\000e\000f\000e\000r\000e\000n\000c\000e}{chapter.4}% 109
\BOOKMARK [2][-]{subsection.4.13.1}{\376\377\0004\000.\0001\0003\000.\0001\000\040\000F\000u\000n\000c\000t\000i\000o\000n\000\040\000D\000o\000c\000u\000m\000e\000n\000t\000a\000t\000i\000o\000n}{section.4.13}% 110
\BOOKMARK [3][-]{subsubsection.4.13.1.1}{\376\377\0004\000.\0001\0003\000.\0001\000.\0001\000\040\000a\000c\000q\000u\000i\000r\000e\000\137\000l\000o\000c\000k\000\050\000\051}{subsection.4.13.1}% 111
\BOOKMARK [3][-]{subsubsection.4.13.1.2}{\376\377\0004\000.\0001\0003\000.\0001\000.\0002\000\040\000c\000o\000m\000b\000i\000n\000e\000d\000\137\000j\000s\000o\000n\000\137\000p\000a\000t\000h\000\050\000\051}{subsection.4.13.1}% 112
\BOOKMARK [3][-]{subsubsection.4.13.1.3}{\376\377\0004\000.\0001\0003\000.\0001\000.\0003\000\040\000c\000o\000u\000n\000t\000\137\000i\000m\000a\000g\000e\000s\000\137\000i\000n\000\137\000d\000i\000r\000\050\000\051}{subsection.4.13.1}% 113
\BOOKMARK [3][-]{subsubsection.4.13.1.4}{\376\377\0004\000.\0001\0003\000.\0001\000.\0004\000\040\000f\000i\000n\000d\000\137\000l\000a\000t\000e\000s\000t\000\137\000r\000u\000n\000\137\000d\000i\000r\000\050\000\051}{subsection.4.13.1}% 114
\BOOKMARK [3][-]{subsubsection.4.13.1.5}{\376\377\0004\000.\0001\0003\000.\0001\000.\0005\000\040\000m\000a\000i\000n\000\050\000\051}{subsection.4.13.1}% 115
\BOOKMARK [3][-]{subsubsection.4.13.1.6}{\376\377\0004\000.\0001\0003\000.\0001\000.\0006\000\040\000n\000e\000e\000d\000s\000\137\000i\000m\000a\000g\000e\000s\000e\000t\000\137\000c\000r\000e\000a\000t\000i\000o\000n\000\050\000\051}{subsection.4.13.1}% 116
\BOOKMARK [3][-]{subsubsection.4.13.1.7}{\376\377\0004\000.\0001\0003\000.\0001\000.\0007\000\040\000r\000e\000l\000e\000a\000s\000e\000\137\000l\000o\000c\000k\000\050\000\051}{subsection.4.13.1}% 117
\BOOKMARK [3][-]{subsubsection.4.13.1.8}{\376\377\0004\000.\0001\0003\000.\0001\000.\0008\000\040\000r\000u\000n\000\137\000c\000m\000d\000\050\000\051}{subsection.4.13.1}% 118
\BOOKMARK [3][-]{subsubsection.4.13.1.9}{\376\377\0004\000.\0001\0003\000.\0001\000.\0009\000\040\000r\000u\000n\000\137\000c\000y\000c\000l\000e\000\050\000\051}{subsection.4.13.1}% 119
\BOOKMARK [3][-]{subsubsection.4.13.1.10}{\376\377\0004\000.\0001\0003\000.\0001\000.\0001\0000\000\040\000s\000e\000t\000u\000p\000\137\000l\000o\000g\000g\000e\000r\000\050\000\051}{subsection.4.13.1}% 120
\BOOKMARK [3][-]{subsubsection.4.13.1.11}{\376\377\0004\000.\0001\0003\000.\0001\000.\0001\0001\000\040\000t\000r\000y\000\137\000l\000o\000g\000\137\000l\000i\000f\000c\000a\000l\000\137\000w\000i\000t\000h\000\137\000r\000e\000s\000u\000l\000t\000l\000o\000g\000g\000e\000r\000\050\000\051}{subsection.4.13.1}% 121
\BOOKMARK [2][-]{subsection.4.13.2}{\376\377\0004\000.\0001\0003\000.\0002\000\040\000V\000a\000r\000i\000a\000b\000l\000e\000\040\000D\000o\000c\000u\000m\000e\000n\000t\000a\000t\000i\000o\000n}{section.4.13}% 122
\BOOKMARK [3][-]{subsubsection.4.13.2.1}{\376\377\0004\000.\0001\0003\000.\0002\000.\0001\000\040\000B\000A\000S\000E\000L\000I\000N\000E\000\137\000D\000I\000R}{subsection.4.13.2}% 123
\BOOKMARK [3][-]{subsubsection.4.13.2.2}{\376\377\0004\000.\0001\0003\000.\0002\000.\0002\000\040\000C\000A\000M\000E\000R\000A\000\137\000I\000D\000S}{subsection.4.13.2}% 124
\BOOKMARK [3][-]{subsubsection.4.13.2.3}{\376\377\0004\000.\0001\0003\000.\0002\000.\0003\000\040\000D\000E\000P\000T\000H\000\137\000R\000O\000O\000T}{subsection.4.13.2}% 125
\BOOKMARK [3][-]{subsubsection.4.13.2.4}{\376\377\0004\000.\0001\0003\000.\0002\000.\0004\000\040\000F\000O\000C\000U\000S\000\137\000R\000O\000O\000T}{subsection.4.13.2}% 126
\BOOKMARK [3][-]{subsubsection.4.13.2.5}{\376\377\0004\000.\0001\0003\000.\0002\000.\0005\000\040\000I\000N\000T\000E\000R\000V\000A\000L\000\137\000S\000E\000C\000O\000N\000D\000S}{subsection.4.13.2}% 127
\BOOKMARK [3][-]{subsubsection.4.13.2.6}{\376\377\0004\000.\0001\0003\000.\0002\000.\0006\000\040\000L\000I\000F\000C\000A\000L\000\137\000O\000U\000T\000\137\000R\000O\000O\000T}{subsection.4.13.2}% 128
\BOOKMARK [3][-]{subsubsection.4.13.2.7}{\376\377\0004\000.\0001\0003\000.\0002\000.\0007\000\040\000L\000O\000C\000K\000\137\000P\000A\000T\000H}{subsection.4.13.2}% 129
\BOOKMARK [3][-]{subsubsection.4.13.2.8}{\376\377\0004\000.\0001\0003\000.\0002\000.\0008\000\040\000L\000O\000G\000\137\000P\000A\000T\000H}{subsection.4.13.2}% 130
\BOOKMARK [3][-]{subsubsection.4.13.2.9}{\376\377\0004\000.\0001\0003\000.\0002\000.\0009\000\040\000M\000I\000N\000\137\000P\000O\000S\000E\000S\000\137\000P\000E\000R\000\137\000C\000A\000M}{subsection.4.13.2}% 131
\BOOKMARK [3][-]{subsubsection.4.13.2.10}{\376\377\0004\000.\0001\0003\000.\0002\000.\0001\0000\000\040\000R\000O\000O\000T\000\137\000I\000M\000A\000G\000E\000S\000E\000T}{subsection.4.13.2}% 132
\BOOKMARK [3][-]{subsubsection.4.13.2.11}{\376\377\0004\000.\0001\0003\000.\0002\000.\0001\0001\000\040\000R\000U\000N\000\137\000I\000M\000A\000G\000E\000S\000E\000T\000\137\000C\000R\000E\000A\000T\000I\000O\000N}{subsection.4.13.2}% 133
\BOOKMARK [3][-]{subsubsection.4.13.2.12}{\376\377\0004\000.\0001\0003\000.\0002\000.\0001\0002\000\040\000R\000U\000N\000\137\000L\000I\000F\000C\000A\000L\000\137\000C\000A\000L\000I\000B}{subsection.4.13.2}% 134
\BOOKMARK [0][-]{chapter.5}{\376\377\0005\000\040\000C\000l\000a\000s\000s\000\040\000D\000o\000c\000u\000m\000e\000n\000t\000a\000t\000i\000o\000n}{}% 135
\BOOKMARK [1][-]{section.5.1}{\376\377\0005\000.\0001\000\040\000C\000a\000l\000i\000b\000r\000a\000t\000i\000o\000n\000S\000t\000a\000t\000e\000.\000C\000a\000l\000i\000b\000r\000a\000t\000i\000o\000n\000S\000t\000a\000t\000e\000\040\000C\000l\000a\000s\000s\000\040\000R\000e\000f\000e\000r\000e\000n\000c\000e}{chapter.5}% 136
\BOOKMARK [2][-]{subsection.5.1.1}{\376\377\0005\000.\0001\000.\0001\000\040\000D\000e\000t\000a\000i\000l\000e\000d\000\040\000D\000e\000s\000c\000r\000i\000p\000t\000i\000o\000n}{section.5.1}% 137
\BOOKMARK [2][-]{subsection.5.1.2}{\376\377\0005\000.\0001\000.\0002\000\040\000C\000o\000n\000s\000t\000r\000u\000c\000t\000o\000r\000\040\000\046\000\040\000D\000e\000s\000t\000r\000u\000c\000t\000o\000r\000\040\000D\000o\000c\000u\000m\000e\000n\000t\000a\000t\000i\000o\000n}{section.5.1}% 138
\BOOKMARK [3][-]{subsubsection.5.1.2.1}{\376\377\0005\000.\0001\000.\0002\000.\0001\000\040\000\137\000\137\000i\000n\000i\000t\000\137\000\137\000\050\000\051}{subsection.5.1.2}% 139
\BOOKMARK [2][-]{subsection.5.1.3}{\376\377\0005\000.\0001\000.\0003\000\040\000M\000e\000m\000b\000e\000r\000\040\000F\000u\000n\000c\000t\000i\000o\000n\000\040\000D\000o\000c\000u\000m\000e\000n\000t\000a\000t\000i\000o\000n}{section.5.1}% 140
\BOOKMARK [3][-]{subsubsection.5.1.3.1}{\376\377\0005\000.\0001\000.\0003\000.\0001\000\040\000\137\000\137\000g\000e\000t\000S\000t\000a\000t\000e\000\137\000\137\000\050\000\051}{subsection.5.1.3}% 141
\BOOKMARK [3][-]{subsubsection.5.1.3.2}{\376\377\0005\000.\0001\000.\0003\000.\0002\000\040\000s\000e\000t\000E\000x\000t\000r\000i\000n\000s\000i\000c\000s\000\050\000\051}{subsection.5.1.3}% 142
\BOOKMARK [3][-]{subsubsection.5.1.3.3}{\376\377\0005\000.\0001\000.\0003\000.\0003\000\040\000s\000e\000t\000I\000n\000t\000r\000i\000n\000s\000i\000c\000s\000\050\000\051}{subsection.5.1.3}% 143
\BOOKMARK [3][-]{subsubsection.5.1.3.4}{\376\377\0005\000.\0001\000.\0003\000.\0004\000\040\000s\000e\000t\000T\000i\000m\000e\000S\000t\000a\000m\000p\000\050\000\051}{subsection.5.1.3}% 144
\BOOKMARK [2][-]{subsection.5.1.4}{\376\377\0005\000.\0001\000.\0004\000\040\000M\000e\000m\000b\000e\000r\000\040\000D\000a\000t\000a\000\040\000D\000o\000c\000u\000m\000e\000n\000t\000a\000t\000i\000o\000n}{section.5.1}% 145
\BOOKMARK [3][-]{subsubsection.5.1.4.1}{\376\377\0005\000.\0001\000.\0004\000.\0001\000\040\000e\000x\000t\000r\000i\000n\000s\000i\000c\000s}{subsection.5.1.4}% 146
\BOOKMARK [3][-]{subsubsection.5.1.4.2}{\376\377\0005\000.\0001\000.\0004\000.\0002\000\040\000i\000n\000t\000r\000i\000n\000s\000i\000c\000s}{subsection.5.1.4}% 147
\BOOKMARK [3][-]{subsubsection.5.1.4.3}{\376\377\0005\000.\0001\000.\0004\000.\0003\000\040\000t\000i\000m\000e\000S\000t\000a\000m\000p}{subsection.5.1.4}% 148
\BOOKMARK [1][-]{section.5.2}{\376\377\0005\000.\0002\000\040\000C\000o\000n\000t\000r\000o\000l\000l\000e\000r\000.\000C\000o\000n\000t\000r\000o\000l\000l\000e\000r\000\040\000C\000l\000a\000s\000s\000\040\000R\000e\000f\000e\000r\000e\000n\000c\000e}{chapter.5}% 149
\BOOKMARK [2][-]{subsection.5.2.1}{\376\377\0005\000.\0002\000.\0001\000\040\000D\000e\000t\000a\000i\000l\000e\000d\000\040\000D\000e\000s\000c\000r\000i\000p\000t\000i\000o\000n}{section.5.2}% 150
\BOOKMARK [2][-]{subsection.5.2.2}{\376\377\0005\000.\0002\000.\0002\000\040\000C\000o\000n\000s\000t\000r\000u\000c\000t\000o\000r\000\040\000\046\000\040\000D\000e\000s\000t\000r\000u\000c\000t\000o\000r\000\040\000D\000o\000c\000u\000m\000e\000n\000t\000a\000t\000i\000o\000n}{section.5.2}% 151
\BOOKMARK [3][-]{subsubsection.5.2.2.1}{\376\377\0005\000.\0002\000.\0002\000.\0001\000\040\000\137\000\137\000i\000n\000i\000t\000\137\000\137\000\050\000\051}{subsection.5.2.2}% 152
\BOOKMARK [2][-]{subsection.5.2.3}{\376\377\0005\000.\0002\000.\0003\000\040\000M\000e\000m\000b\000e\000r\000\040\000F\000u\000n\000c\000t\000i\000o\000n\000\040\000D\000o\000c\000u\000m\000e\000n\000t\000a\000t\000i\000o\000n}{section.5.2}% 153
\BOOKMARK [3][-]{subsubsection.5.2.3.1}{\376\377\0005\000.\0002\000.\0003\000.\0001\000\040\000r\000u\000n\000I\000n\000i\000t\000i\000a\000l\000C\000a\000l\000i\000b\000r\000a\000t\000i\000o\000n\000\050\000\051}{subsection.5.2.3}% 154
\BOOKMARK [3][-]{subsubsection.5.2.3.2}{\376\377\0005\000.\0002\000.\0003\000.\0002\000\040\000s\000e\000l\000f\000H\000e\000a\000l\000t\000h\000C\000h\000e\000c\000k\000\050\000\051}{subsection.5.2.3}% 155
\BOOKMARK [2][-]{subsection.5.2.4}{\376\377\0005\000.\0002\000.\0004\000\040\000M\000e\000m\000b\000e\000r\000\040\000D\000a\000t\000a\000\040\000D\000o\000c\000u\000m\000e\000n\000t\000a\000t\000i\000o\000n}{section.5.2}% 156
\BOOKMARK [3][-]{subsubsection.5.2.4.1}{\376\377\0005\000.\0002\000.\0004\000.\0001\000\040\000b\000u\000n\000d\000l\000e\000A\000d\000j\000u\000s\000t}{subsection.5.2.4}% 157
\BOOKMARK [3][-]{subsubsection.5.2.4.2}{\376\377\0005\000.\0002\000.\0004\000.\0002\000\040\000c\000u\000r\000r\000e\000n\000t\000S\000t\000a\000t\000e}{subsection.5.2.4}% 158
\BOOKMARK [3][-]{subsubsection.5.2.4.3}{\376\377\0005\000.\0002\000.\0004\000.\0003\000\040\000i\000n\000i\000t\000i\000a\000l\000C\000a\000l\000i\000b\000r\000a\000t\000i\000o\000n}{subsection.5.2.4}% 159
\BOOKMARK [3][-]{subsubsection.5.2.4.4}{\376\377\0005\000.\0002\000.\0004\000.\0004\000\040\000r\000e\000s\000u\000l\000t\000L\000o\000g\000g\000e\000r}{subsection.5.2.4}% 160
\BOOKMARK [3][-]{subsubsection.5.2.4.5}{\376\377\0005\000.\0002\000.\0004\000.\0005\000\040\000s\000c\000o\000r\000e\000H\000i\000s\000t\000o\000r\000y}{subsection.5.2.4}% 161
\BOOKMARK [1][-]{section.5.3}{\376\377\0005\000.\0003\000\040\000I\000m\000a\000g\000e\000S\000e\000t\000.\000I\000m\000a\000g\000e\000S\000e\000t\000\040\000C\000l\000a\000s\000s\000\040\000R\000e\000f\000e\000r\000e\000n\000c\000e}{chapter.5}% 162
\BOOKMARK [2][-]{subsection.5.3.1}{\376\377\0005\000.\0003\000.\0001\000\040\000D\000e\000t\000a\000i\000l\000e\000d\000\040\000D\000e\000s\000c\000r\000i\000p\000t\000i\000o\000n}{section.5.3}% 163
\BOOKMARK [2][-]{subsection.5.3.2}{\376\377\0005\000.\0003\000.\0002\000\040\000C\000o\000n\000s\000t\000r\000u\000c\000t\000o\000r\000\040\000\046\000\040\000D\000e\000s\000t\000r\000u\000c\000t\000o\000r\000\040\000D\000o\000c\000u\000m\000e\000n\000t\000a\000t\000i\000o\000n}{section.5.3}% 164
\BOOKMARK [3][-]{subsubsection.5.3.2.1}{\376\377\0005\000.\0003\000.\0002\000.\0001\000\040\000\137\000\137\000i\000n\000i\000t\000\137\000\137\000\050\000\051}{subsection.5.3.2}% 165
\BOOKMARK [2][-]{subsection.5.3.3}{\376\377\0005\000.\0003\000.\0003\000\040\000M\000e\000m\000b\000e\000r\000\040\000F\000u\000n\000c\000t\000i\000o\000n\000\040\000D\000o\000c\000u\000m\000e\000n\000t\000a\000t\000i\000o\000n}{section.5.3}% 166
\BOOKMARK [3][-]{subsubsection.5.3.3.1}{\376\377\0005\000.\0003\000.\0003\000.\0001\000\040\000g\000e\000t\000I\000m\000a\000g\000e\000P\000a\000t\000h\000\050\000\051}{subsection.5.3.3}% 167
\BOOKMARK [2][-]{subsection.5.3.4}{\376\377\0005\000.\0003\000.\0004\000\040\000M\000e\000m\000b\000e\000r\000\040\000D\000a\000t\000a\000\040\000D\000o\000c\000u\000m\000e\000n\000t\000a\000t\000i\000o\000n}{section.5.3}% 168
\BOOKMARK [3][-]{subsubsection.5.3.4.1}{\376\377\0005\000.\0003\000.\0004\000.\0001\000\040\000b\000a\000s\000e\000D\000i\000r}{subsection.5.3.4}% 169
\BOOKMARK [3][-]{subsubsection.5.3.4.2}{\376\377\0005\000.\0003\000.\0004\000.\0002\000\040\000c\000a\000m\000e\000r\000a\000I\000d\000s}{subsection.5.3.4}% 170
\BOOKMARK [3][-]{subsubsection.5.3.4.3}{\376\377\0005\000.\0003\000.\0004\000.\0003\000\040\000n\000u\000m\000P\000o\000s\000e\000s}{subsection.5.3.4}% 171
\BOOKMARK [1][-]{section.5.4}{\376\377\0005\000.\0004\000\040\000I\000n\000i\000t\000i\000a\000l\000C\000a\000l\000i\000b\000r\000a\000t\000i\000o\000n\000.\000I\000n\000i\000t\000i\000a\000l\000C\000a\000l\000i\000b\000r\000a\000t\000i\000o\000n\000\040\000C\000l\000a\000s\000s\000\040\000R\000e\000f\000e\000r\000e\000n\000c\000e}{chapter.5}% 172
\BOOKMARK [2][-]{subsection.5.4.1}{\376\377\0005\000.\0004\000.\0001\000\040\000D\000e\000t\000a\000i\000l\000e\000d\000\040\000D\000e\000s\000c\000r\000i\000p\000t\000i\000o\000n}{section.5.4}% 173
\BOOKMARK [2][-]{subsection.5.4.2}{\376\377\0005\000.\0004\000.\0002\000\040\000C\000o\000n\000s\000t\000r\000u\000c\000t\000o\000r\000\040\000\046\000\040\000D\000e\000s\000t\000r\000u\000c\000t\000o\000r\000\040\000D\000o\000c\000u\000m\000e\000n\000t\000a\000t\000i\000o\000n}{section.5.4}% 174
\BOOKMARK [3][-]{subsubsection.5.4.2.1}{\376\377\0005\000.\0004\000.\0002\000.\0001\000\040\000\137\000\137\000i\000n\000i\000t\000\137\000\137\000\050\000\051}{subsection.5.4.2}% 175
\BOOKMARK [2][-]{subsection.5.4.3}{\376\377\0005\000.\0004\000.\0003\000\040\000M\000e\000m\000b\000e\000r\000\040\000F\000u\000n\000c\000t\000i\000o\000n\000\040\000D\000o\000c\000u\000m\000e\000n\000t\000a\000t\000i\000o\000n}{section.5.4}% 176
\BOOKMARK [3][-]{subsubsection.5.4.3.1}{\376\377\0005\000.\0004\000.\0003\000.\0001\000\040\000b\000u\000n\000d\000l\000e\000A\000d\000j\000u\000s\000t\000E\000x\000t\000r\000i\000n\000s\000i\000c\000s\000\050\000\051}{subsection.5.4.3}% 177
\BOOKMARK [3][-]{subsubsection.5.4.3.2}{\376\377\0005\000.\0004\000.\0003\000.\0002\000\040\000c\000a\000l\000i\000b\000r\000a\000t\000e\000E\000x\000t\000r\000i\000n\000s\000i\000c\000s\000\050\000\051}{subsection.5.4.3}% 178
\BOOKMARK [3][-]{subsubsection.5.4.3.3}{\376\377\0005\000.\0004\000.\0003\000.\0003\000\040\000c\000a\000l\000i\000b\000r\000a\000t\000e\000I\000n\000t\000r\000i\000n\000s\000i\000c\000s\000\050\000\051}{subsection.5.4.3}% 179
\BOOKMARK [3][-]{subsubsection.5.4.3.4}{\376\377\0005\000.\0004\000.\0003\000.\0004\000\040\000c\000r\000e\000a\000t\000e\000O\000b\000j\000e\000c\000t\000P\000o\000i\000n\000t\000s\000\050\000\051}{subsection.5.4.3}% 180
\BOOKMARK [3][-]{subsubsection.5.4.3.5}{\376\377\0005\000.\0004\000.\0003\000.\0005\000\040\000d\000e\000t\000e\000c\000t\000C\000o\000r\000n\000e\000r\000s\000\050\000\051}{subsection.5.4.3}% 181
\BOOKMARK [3][-]{subsubsection.5.4.3.6}{\376\377\0005\000.\0004\000.\0003\000.\0006\000\040\000r\000u\000n\000\050\000\051}{subsection.5.4.3}% 182
\BOOKMARK [2][-]{subsection.5.4.4}{\376\377\0005\000.\0004\000.\0004\000\040\000M\000e\000m\000b\000e\000r\000\040\000D\000a\000t\000a\000\040\000D\000o\000c\000u\000m\000e\000n\000t\000a\000t\000i\000o\000n}{section.5.4}% 183
\BOOKMARK [3][-]{subsubsection.5.4.4.1}{\376\377\0005\000.\0004\000.\0004\000.\0001\000\040\000c\000h\000e\000s\000s\000b\000o\000a\000r\000d\000S\000i\000z\000e}{subsection.5.4.4}% 184
\BOOKMARK [3][-]{subsubsection.5.4.4.2}{\376\377\0005\000.\0004\000.\0004\000.\0002\000\040\000c\000r\000i\000t\000e\000r\000i\000a}{subsection.5.4.4}% 185
\BOOKMARK [3][-]{subsubsection.5.4.4.3}{\376\377\0005\000.\0004\000.\0004\000.\0003\000\040\000s\000q\000u\000a\000r\000e\000S\000i\000z\000e}{subsection.5.4.4}% 186
\BOOKMARK [1][-]{section.5.5}{\376\377\0005\000.\0005\000\040\000R\000e\000s\000u\000l\000t\000L\000o\000g\000g\000e\000r\000.\000R\000e\000s\000u\000l\000t\000L\000o\000g\000g\000e\000r\000\040\000C\000l\000a\000s\000s\000\040\000R\000e\000f\000e\000r\000e\000n\000c\000e}{chapter.5}% 187
\BOOKMARK [2][-]{subsection.5.5.1}{\376\377\0005\000.\0005\000.\0001\000\040\000D\000e\000t\000a\000i\000l\000e\000d\000\040\000D\000e\000s\000c\000r\000i\000p\000t\000i\000o\000n}{section.5.5}% 188
\BOOKMARK [2][-]{subsection.5.5.2}{\376\377\0005\000.\0005\000.\0002\000\040\000C\000o\000n\000s\000t\000r\000u\000c\000t\000o\000r\000\040\000\046\000\040\000D\000e\000s\000t\000r\000u\000c\000t\000o\000r\000\040\000D\000o\000c\000u\000m\000e\000n\000t\000a\000t\000i\000o\000n}{section.5.5}% 189
\BOOKMARK [3][-]{subsubsection.5.5.2.1}{\376\377\0005\000.\0005\000.\0002\000.\0001\000\040\000\137\000\137\000i\000n\000i\000t\000\137\000\137\000\050\000\051}{subsection.5.5.2}% 190
\BOOKMARK [2][-]{subsection.5.5.3}{\376\377\0005\000.\0005\000.\0003\000\040\000M\000e\000m\000b\000e\000r\000\040\000F\000u\000n\000c\000t\000i\000o\000n\000\040\000D\000o\000c\000u\000m\000e\000n\000t\000a\000t\000i\000o\000n}{section.5.5}% 191
\BOOKMARK [3][-]{subsubsection.5.5.3.1}{\376\377\0005\000.\0005\000.\0003\000.\0001\000\040\000l\000o\000g\000I\000n\000i\000t\000i\000a\000l\000C\000a\000l\000i\000b\000r\000a\000t\000i\000o\000n\000\050\000\051}{subsection.5.5.3}% 192
\BOOKMARK [3][-]{subsubsection.5.5.3.2}{\376\377\0005\000.\0005\000.\0003\000.\0002\000\040\000l\000o\000g\000R\000e\000c\000a\000l\000i\000b\000r\000a\000t\000i\000o\000n\000\050\000\051}{subsection.5.5.3}% 193
\BOOKMARK [3][-]{subsubsection.5.5.3.3}{\376\377\0005\000.\0005\000.\0003\000.\0003\000\040\000r\000e\000a\000d\000\137\000b\000a\000s\000e\000l\000i\000n\000e\000\137\000h\000e\000a\000l\000t\000h\000\050\000\051}{subsection.5.5.3}% 194
\BOOKMARK [3][-]{subsubsection.5.5.3.4}{\376\377\0005\000.\0005\000.\0003\000.\0004\000\040\000t\000o\000\137\000s\000e\000r\000i\000a\000l\000i\000z\000a\000b\000l\000e\000\050\000\051}{subsection.5.5.3}% 195
\BOOKMARK [3][-]{subsubsection.5.5.3.5}{\376\377\0005\000.\0005\000.\0003\000.\0005\000\040\000u\000p\000d\000a\000t\000e\000\137\000b\000a\000s\000e\000l\000i\000n\000e\000\050\000\051}{subsection.5.5.3}% 196
\BOOKMARK [2][-]{subsection.5.5.4}{\376\377\0005\000.\0005\000.\0004\000\040\000M\000e\000m\000b\000e\000r\000\040\000D\000a\000t\000a\000\040\000D\000o\000c\000u\000m\000e\000n\000t\000a\000t\000i\000o\000n}{section.5.5}% 197
\BOOKMARK [3][-]{subsubsection.5.5.4.1}{\376\377\0005\000.\0005\000.\0004\000.\0001\000\040\000b\000a\000s\000e\000D\000i\000r}{subsection.5.5.4}% 198
\BOOKMARK [3][-]{subsubsection.5.5.4.2}{\376\377\0005\000.\0005\000.\0004\000.\0002\000\040\000l\000o\000g\000g\000e\000r}{subsection.5.5.4}% 199
\BOOKMARK [0][-]{chapter.6}{\376\377\0006\000\040\000F\000i\000l\000e\000\040\000D\000o\000c\000u\000m\000e\000n\000t\000a\000t\000i\000o\000n}{}% 200
\BOOKMARK [1][-]{section.6.1}{\376\377\0006\000.\0001\000\040\000c\000a\000l\000i\000b\000r\000a\000t\000i\000o\000n\000L\000F\000C\000/\000C\000a\000l\000i\000b\000r\000a\000t\000i\000o\000n\000S\000t\000a\000t\000e\000.\000p\000y\000\040\000F\000i\000l\000e\000\040\000R\000e\000f\000e\000r\000e\000n\000c\000e}{chapter.6}% 201
\BOOKMARK [1][-]{section.6.2}{\376\377\0006\000.\0002\000\040\000C\000a\000l\000i\000b\000r\000a\000t\000i\000o\000n\000S\000t\000a\000t\000e\000.\000p\000y}{chapter.6}% 202
\BOOKMARK [1][-]{section.6.3}{\376\377\0006\000.\0003\000\040\000c\000a\000l\000i\000b\000r\000a\000t\000i\000o\000n\000L\000F\000C\000/\000C\000o\000n\000t\000r\000o\000l\000l\000e\000r\000.\000p\000y\000\040\000F\000i\000l\000e\000\040\000R\000e\000f\000e\000r\000e\000n\000c\000e}{chapter.6}% 203
\BOOKMARK [1][-]{section.6.4}{\376\377\0006\000.\0004\000\040\000C\000o\000n\000t\000r\000o\000l\000l\000e\000r\000.\000p\000y}{chapter.6}% 204
\BOOKMARK [1][-]{section.6.5}{\376\377\0006\000.\0005\000\040\000c\000a\000l\000i\000b\000r\000a\000t\000i\000o\000n\000L\000F\000C\000/\000H\000e\000a\000l\000t\000h\000M\000o\000n\000i\000t\000o\000r\000.\000p\000y\000\040\000F\000i\000l\000e\000\040\000R\000e\000f\000e\000r\000e\000n\000c\000e}{chapter.6}% 205
\BOOKMARK [1][-]{section.6.6}{\376\377\0006\000.\0006\000\040\000H\000e\000a\000l\000t\000h\000M\000o\000n\000i\000t\000o\000r\000.\000p\000y}{chapter.6}% 206
\BOOKMARK [1][-]{section.6.7}{\376\377\0006\000.\0007\000\040\000c\000a\000l\000i\000b\000r\000a\000t\000i\000o\000n\000L\000F\000C\000/\000I\000m\000a\000g\000e\000S\000e\000t\000.\000p\000y\000\040\000F\000i\000l\000e\000\040\000R\000e\000f\000e\000r\000e\000n\000c\000e}{chapter.6}% 207
\BOOKMARK [1][-]{section.6.8}{\376\377\0006\000.\0008\000\040\000I\000m\000a\000g\000e\000S\000e\000t\000.\000p\000y}{chapter.6}% 208
\BOOKMARK [1][-]{section.6.9}{\376\377\0006\000.\0009\000\040\000c\000a\000l\000i\000b\000r\000a\000t\000i\000o\000n\000L\000F\000C\000/\000I\000n\000i\000t\000i\000a\000l\000C\000a\000l\000i\000b\000r\000a\000t\000i\000o\000n\000.\000p\000y\000\040\000F\000i\000l\000e\000\040\000R\000e\000f\000e\000r\000e\000n\000c\000e}{chapter.6}% 209
\BOOKMARK [1][-]{section.6.10}{\376\377\0006\000.\0001\0000\000\040\000I\000n\000i\000t\000i\000a\000l\000C\000a\000l\000i\000b\000r\000a\000t\000i\000o\000n\000.\000p\000y}{chapter.6}% 210
\BOOKMARK [1][-]{section.6.11}{\376\377\0006\000.\0001\0001\000\040\000c\000a\000l\000i\000b\000r\000a\000t\000i\000o\000n\000L\000F\000C\000/\000R\000e\000s\000u\000l\000t\000L\000o\000g\000g\000e\000r\000.\000p\000y\000\040\000F\000i\000l\000e\000\040\000R\000e\000f\000e\000r\000e\000n\000c\000e}{chapter.6}% 211
\BOOKMARK [1][-]{section.6.12}{\376\377\0006\000.\0001\0002\000\040\000R\000e\000s\000u\000l\000t\000L\000o\000g\000g\000e\000r\000.\000p\000y}{chapter.6}% 212
\BOOKMARK [1][-]{section.6.13}{\376\377\0006\000.\0001\0003\000\040\000c\000a\000l\000i\000b\000r\000a\000t\000i\000o\000n\000L\000F\000C\000/\000r\000e\000s\000u\000l\000t\000s\000/\000e\000v\000a\000l\000u\000a\000t\000e\000\137\000c\000a\000l\000i\000b\000r\000a\000t\000i\000o\000n\000.\000p\000y\000\040\000F\000i\000l\000e\000\040\000R\000e\000f\000e\000r\000e\000n\000c\000e}{chapter.6}% 213
\BOOKMARK [1][-]{section.6.14}{\376\377\0006\000.\0001\0004\000\040\000e\000v\000a\000l\000u\000a\000t\000e\000\137\000c\000a\000l\000i\000b\000r\000a\000t\000i\000o\000n\000.\000p\000y}{chapter.6}% 214
\BOOKMARK [1][-]{section.6.15}{\376\377\0006\000.\0001\0005\000\040\000c\000a\000l\000i\000b\000r\000a\000t\000i\000o\000n\000L\000F\000C\000/\000r\000u\000n\000\137\000i\000n\000i\000t\000i\000a\000l\000\137\000c\000a\000l\000i\000b\000r\000a\000t\000i\000o\000n\000.\000p\000y\000\040\000F\000i\000l\000e\000\040\000R\000e\000f\000e\000r\000e\000n\000c\000e}{chapter.6}% 215
\BOOKMARK [1][-]{section.6.16}{\376\377\0006\000.\0001\0006\000\040\000r\000u\000n\000\137\000i\000n\000i\000t\000i\000a\000l\000\137\000c\000a\000l\000i\000b\000r\000a\000t\000i\000o\000n\000.\000p\000y}{chapter.6}% 216
\BOOKMARK [1][-]{section.6.17}{\376\377\0006\000.\0001\0007\000\040\000c\000a\000l\000i\000b\000r\000a\000t\000i\000o\000n\000L\000F\000C\000/\000r\000u\000n\000\137\000p\000e\000r\000i\000o\000d\000i\000c\000\137\000l\000i\000f\000c\000a\000l\000.\000p\000y\000\040\000F\000i\000l\000e\000\040\000R\000e\000f\000e\000r\000e\000n\000c\000e}{chapter.6}% 217
\BOOKMARK [1][-]{section.6.18}{\376\377\0006\000.\0001\0008\000\040\000r\000u\000n\000\137\000p\000e\000r\000i\000o\000d\000i\000c\000\137\000l\000i\000f\000c\000a\000l\000.\000p\000y}{chapter.6}% 218
\BOOKMARK [1][-]{section.6.19}{\376\377\0006\000.\0001\0009\000\040\000e\000x\000t\000e\000r\000n\000a\000l\000/\000L\000i\000F\000C\000a\000l\000/\000L\000i\000F\000C\000a\000l\000\137\000D\000a\000t\000a\000/\000d\000e\000p\000t\000h\000m\000a\000p\000.\000p\000y\000\040\000F\000i\000l\000e\000\040\000R\000e\000f\000e\000r\000e\000n\000c\000e}{chapter.6}% 219
\BOOKMARK [1][-]{section.6.20}{\376\377\0006\000.\0002\0000\000\040\000d\000e\000p\000t\000h\000m\000a\000p\000.\000p\000y}{chapter.6}% 220
\BOOKMARK [1][-]{section.6.21}{\376\377\0006\000.\0002\0001\000\040\000e\000x\000t\000e\000r\000n\000a\000l\000/\000L\000i\000F\000C\000a\000l\000/\000L\000i\000F\000C\000a\000l\000\137\000D\000a\000t\000a\000/\000l\000i\000f\000c\000a\000l\000\137\000t\000o\000\137\000j\000s\000o\000n\000.\000p\000y\000\040\000F\000i\000l\000e\000\040\000R\000e\000f\000e\000r\000e\000n\000c\000e}{chapter.6}% 221
\BOOKMARK [1][-]{section.6.22}{\376\377\0006\000.\0002\0002\000\040\000l\000i\000f\000c\000a\000l\000\137\000t\000o\000\137\000j\000s\000o\000n\000.\000p\000y}{chapter.6}% 222
\BOOKMARK [1][-]{section.6.23}{\376\377\0006\000.\0002\0003\000\040\000e\000x\000t\000e\000r\000n\000a\000l\000/\000L\000i\000F\000C\000a\000l\000/\000L\000i\000F\000C\000a\000l\000\137\000D\000a\000t\000a\000/\000r\000u\000n\000\137\000i\000m\000a\000g\000e\000s\000e\000t\000\137\000c\000r\000e\000a\000t\000i\000o\000n\000.\000p\000y\000\040\000F\000i\000l\000e\000\040\000R\000e\000f\000e\000r\000e\000n\000c\000e}{chapter.6}% 223
\BOOKMARK [1][-]{section.6.24}{\376\377\0006\000.\0002\0004\000\040\000r\000u\000n\000\137\000i\000m\000a\000g\000e\000s\000e\000t\000\137\000c\000r\000e\000a\000t\000i\000o\000n\000.\000p\000y}{chapter.6}% 224
\BOOKMARK [1][-]{section.6.25}{\376\377\0006\000.\0002\0005\000\040\000e\000x\000t\000e\000r\000n\000a\000l\000/\000L\000i\000F\000C\000a\000l\000/\000L\000i\000F\000C\000a\000l\000\137\000D\000a\000t\000a\000/\000r\000u\000n\000\137\000L\000i\000F\000C\000a\000l\000\137\000c\000a\000l\000i\000b\000r\000a\000t\000i\000o\000n\000.\000p\000y\000\040\000F\000i\000l\000e\000\040\000R\000e\000f\000e\000r\000e\000n\000c\000e}{chapter.6}% 225
\BOOKMARK [1][-]{section.6.26}{\376\377\0006\000.\0002\0006\000\040\000r\000u\000n\000\137\000L\000i\000F\000C\000a\000l\000\137\000c\000a\000l\000i\000b\000r\000a\000t\000i\000o\000n\000.\000p\000y}{chapter.6}% 226
